// Jest Snapshot v1, https://goo.gl/fbAQLP

exports[`<Checkbox /> should render with label 1`] = `
.c0 {
  display: -webkit-box;
  display: -webkit-flex;
  display: -ms-flexbox;
  display: flex;
  -webkit-flex-direction: column;
  -ms-flex-direction: column;
  flex-direction: column;
  margin: 1rem 0;
}

.c2 {
  display: grid;
  grid-template-columns: 1fr 1fr 1fr;
  grid-gap: 15px;
}

.c3 {
  width: 2rem;
  height: 2rem;
  cursor: pointer;
}

.c1 {
  margin-bottom: 1rem;
  font-size: 2.0rem;
  font-weight: 700;
  color: #9249FF;
}

.c4 {
  font-size: 2.0rem;
  color: #9249FF;
  line-height: normal;
}

<div
  class="c0"
>
  <label
    class="c1"
    for="check"
  >
    checkbox label
  </label>
  <div
    class="c2"
  >
    <div>
      <input
        class="c3"
        id="check"
        type="checkbox"
        value="black"
      />
      <span
        class="c4"
      >
        black
      </span>
    </div>
  </div>
</div>
`;
