// Jest Snapshot v1, https://goo.gl/fbAQLP

exports[`<Button /> should render correctly 1`] = `
.c0 {
  height: 7rem;
  width: 100%;
  font-family: Montserrat,-apple-system,BlinkMacSystemFont,'Segoe UI',Roboto,Oxygen,Ubuntu,Cantarell,'Open Sans','Helvetica Neue',sans-serif;
  font-size: 1.8rem;
  font-weight: 700;
  text-transform: uppercase;
  color: #FAFAFA;
  background: #9249FF;
  border: 4px solid #9249FF;
  border-radius: 3.5rem;
  cursor: pointer;
}

.c0:hover:enabled {
  color: #9249FF;
  background: #FAFAFA;
}

.c0:disabled {
  cursor: not-allowed;
  -webkit-filter: saturate(10%);
  filter: saturate(10%);
}

<button
  class="c0"
>
  <span>
    Next
  </span>
</button>
`;
