// Jest Snapshot v1, https://goo.gl/fbAQLP

exports[`<Select /> should render with label 1`] = `
.c1 {
  position: relative;
  width: 100%;
  max-width: 15rem;
  cursor: pointer;
  color: #FAFAFA;
  background: #9249FF;
  font-size: 2.0rem;
  font-family: Montserrat,-apple-system,BlinkMacSystemFont,'Segoe UI',Roboto,Oxygen,Ubuntu,Cantarell,'Open Sans','Helvetica Neue',sans-serif;
  text-align: center;
  border-radius: 0.5rem;
}

.c0 {
  margin: 0 1rem 0 0;
  font-size: 2.0rem;
  font-weight: 700;
  color: #9249FF;
}

<div
  class=""
>
  <label
    class="c0"
  >
    age
  </label>
  <select
    class="c1"
  >
    <option>
      0
    </option>
    <option>
      1
    </option>
    <option>
      2
    </option>
  </select>
</div>
`;
