// Jest Snapshot v1, https://goo.gl/fbAQLP

exports[`<Heading /> should render a purple heading by default 1`] = `
.c0 {
  color: #9249FF;
  font-weight: 700;
  font-size: 5.2rem;
}

<h2
  class="c0"
>
  Identity
</h2>
`;
