// Jest Snapshot v1, https://goo.gl/fbAQLP

exports[`<Radio /> should render with label 1`] = `
.c0 {
  display: -webkit-box;
  display: -webkit-flex;
  display: -ms-flexbox;
  display: flex;
  -webkit-flex-direction: column;
  -ms-flex-direction: column;
  flex-direction: column;
  margin: 3rem 0;
}

.c2 {
  display: grid;
  grid-template-columns: 1fr 1fr 1fr;
  grid-gap: 25px;
}

.c3 {
  width: 2rem;
  height: 2rem;
  cursor: pointer;
}

.c1 {
  margin-bottom: 1rem;
  font-size: 2.0rem;
  font-weight: 700;
  color: #9249FF;
}

.c4 {
  font-size: 2.0rem;
  color: #9249FF;
  vertical-align: super;
}

<div
  class="c0"
>
  <span
    class="c1"
  >
    radio label
  </span>
  <div
    class="c2"
  >
    <div>
      <input
        checked=""
        class="c3"
        id="radio"
        type="radio"
        value="male"
      />
      <label
        class="c4"
        for="radio"
      >
        male
      </label>
    </div>
  </div>
</div>
`;
